#HHHHHHHHHHHHHHHHHHHHHHHHHHHHHHHHHHHHHHHHHHHHHHHHHHHHHHHHHHHHHHHH
#H T=1.000000	 N=27
#H box dimensions:  	7.000000 x 7.000000 x 7.000000 = 343.000000
#H reduced density = 0.078717
#H
#H energy report frequency:	1
#H configuration threshold:	0
#H configuration frequency:	1000
#H run until mcs = 10
#HHHHHHHHHHHHHHHHHHHHHHHHHHHHHHHHHHHHHHHHHHHHHHHHHHHHHHHHHHHHHHHH
#H
#H
#E000000	209.096156
#E000001	90.555390
#E000002	45.207384
#E000003	27.475943
#E000004	14.025482
#E000005	6.037962
#E000006	-14.695984
#E000007	-12.762252
#E000008	-10.371483
#E000009	-13.276442
#E000010	-14.700084
