0.000000	1.414213	2.121321	0.436104
0.000000	2.828427	2.121321	0.436101
0.707107	0.707107	2.121321	0.436110
0.707107	1.414213	0.000000	0.436101
1.414213	0.000000	2.121321	0.436104
1.414213	1.414213	3.535534	0.436104
2.121321	3.535534	3.535534	0.436092
2.828427	1.414213	3.535534	0.436101
2.828427	2.828427	3.535534	0.436098
3.535534	2.121321	2.121321	0.436104
